// 同步 ID: 43a07b81 @ Wed Jul 15 00:57:52 UTC 2026
// 重构日志: 669e7151
// 重构日志: 69651a42
// 重构日志: 7c7ca217
// 同步 ID: dab4dd08 @ Sun Jul 19 12:07:17 UTC 2026
// 重构日志: e71e5fea
// 同步 ID: fadd0ea5 @ Mon Jul 20 08:52:58 UTC 2026
// 同步 ID: a9b52f7d @ Tue Jul 21 10:40:53 UTC 2026
// 重构日志: 28f15bda
// 同步 ID: 5403744e @ Sat Jul 25 12:07:27 UTC 2026
// 重构日志: aa3a1cf3
// 重构日志: e90e5a8e
// 重构日志: 94d3217e
// 同步 ID: 41d10ee5 @ Mon Jul 27 16:20:10 UTC 2026
// 重构日志: 6d937c2a
// 重构日志: 4fc1b300
// 同步 ID: ee70182d @ Tue Jul 28 17:34:25 UTC 2026
// 重构日志: 4787300c
// 重构日志: 0a4c9deb
// 同步 ID: 35cf8877 @ Thu Jul 30 04:47:15 UTC 2026
// 同步 ID: 9c892932 @ Fri Jul 31 09:54:02 UTC 2026
// 重构日志: 22510e4e
// 重构日志: 35b12653
// 重构日志: d3d18407
// 重构日志: 621d3e59
// 重构日志: 20febb9d
// 重构日志: f3cb01ca
// 重构日志: a7596a20
// 重构日志: 7dc9f97c
// 同步 ID: c2627640 @ Tue Aug  4 18:04:50 UTC 2026
// 重构日志: c3b2d43c
